<?xml version="1.0" encoding="UTF-8"?>
<!--Comment-->
<acronyms>
    <acronym>
        <short-form frequency="1">DHH</short-form>
        <expansions>
            <expansion frequency="1">desert hedgehog</expansion>
        </expansions>
    </acronym>

</acronyms>
